..
2 total assertions

{"date":"2026-08-25 05:41:12","level":"error","caller":"strategy/allocation.go:115","callerfunc":"strategy.(*Allocation).Calculate","goid":24,"error":"planner: broker desk required for entry allocation"}
..
4 total assertions

..
6 total assertions

.
7 total assertions

...
10 total assertions

............
22 total assertions

..
24 total assertions

...
27 total assertions

.......
34 total assertions

........
42 total assertions

......
48 total assertions

....
52 total assertions

.....................
73 total assertions

........
81 total assertions

...
84 total assertions

.......
91 total assertions

.......................
114 total assertions

......
120 total assertions

.........
129 total assertions

...
132 total assertions

{"date":"2026-08-25 05:41:13","level":"info","caller":"strategy/planner.go:292","callerfunc":"strategy.(*Planner).Update","goid":68,"message":"planner: trading engaged after execution prerequisites filled"}
E
Errors:

  * /Users/theapemachine/go/src/github.com/theapemachine/symm/strategy/conformance_test.go 
  Line 821: - cannot create context from nil parent 
  goroutine 68 [running]:
  	/Users/theapemachine/go/pkg/mod/github.com/smartystreets/goconvey@v1.8.1/convey/reporting/reports.go:150 +0x40
  	/Users/theapemachine/go/pkg/mod/github.com/smartystreets/goconvey@v1.8.1/convey/reporting/reports.go:123 +0x60
  	/Users/theapemachine/go/pkg/mod/github.com/smartystreets/goconvey@v1.8.1/convey/context.go:253 +0xbc
  panic({0x1028d9c40?, 0x1029a45c0?})
  	/usr/local/go/src/runtime/panic.go:860 +0x12c
  context.withCancel(...)
  	/usr/local/go/src/context/context.go:275
  context.WithCancelCause({0x0?, 0x0?})
  	/usr/local/go/src/context/context.go:269 +0xc0
  golang.org/x/sync/errgroup.WithContext(...)
  	/Users/theapemachine/go/pkg/mod/golang.org/x/sync@v0.21.0/errgroup/errgroup.go:49
  github.com/theapemachine/symm/strategy.(*Planner).Update(0x43931e8c0800, 0x43931e9305f0?)
  	/Users/theapemachine/go/src/github.com/theapemachine/symm/strategy/planner.go:311 +0x130
  github.com/theapemachine/symm/strategy.TestConformanceStartupSkipsUnpricedSymbols.func1.6()
  	/Users/theapemachine/go/src/github.com/theapemachine/symm/strategy/conformance_test.go:821 +0x64
  	/Users/theapemachine/go/pkg/mod/github.com/smartystreets/goconvey@v1.8.1/convey/discovery.go:89 +0x24
  	/Users/theapemachine/go/pkg/mod/github.com/smartystreets/goconvey@v1.8.1/convey/context.go:279 +0x10c
  	/Users/theapemachine/go/pkg/mod/github.com/smartystreets/goconvey@v1.8.1/convey/context.go:166 +0x28
  github.com/jtolds/gls.(*ContextManager).SetValues.func1(0x0)
  	/Users/theapemachine/go/pkg/mod/github.com/jtolds/gls@v4.20.0+incompatible/context.go:97 +0x3a4
  github.com/jtolds/gls.EnsureGoroutineId(0x43931ebfa5d0)
  	/Users/theapemachine/go/pkg/mod/github.com/jtolds/gls@v4.20.0+incompatible/gid.go:19 +0xe0
  github.com/jtolds/gls.(*ContextManager).SetValues(0x43931e9165f0, 0x43931ebfa570, 0x43931eaa2420)
  	/Users/theapemachine/go/pkg/mod/github.com/jtolds/gls@v4.20.0+incompatible/context.go:63 +0x138
  	/Users/theapemachine/go/pkg/mod/github.com/smartystreets/goconvey@v1.8.1/convey/context.go:165 +0x2e4
  	/Users/theapemachine/go/pkg/mod/github.com/smartystreets/goconvey@v1.8.1/convey/doc.go:78 +0x74
  github.com/theapemachine/symm/strategy.TestConformanceStartupSkipsUnpricedSymbols.func1()
  	/Users/theapemachine/go/src/github.com/theapemachine/symm/strategy/conformance_test.go:820 +0x3e0
  	/Users/theapemachine/go/pkg/mod/github.com/smartystreets/goconvey@v1.8.1/convey/discovery.go:89 +0x24
  	/Users/theapemachine/go/pkg/mod/github.com/smartystreets/goconvey@v1.8.1/convey/context.go:279 +0x10c
  	/Users/theapemachine/go/pkg/mod/github.com/smartystreets/goconvey@v1.8.1/convey/context.go:112 +0xbc
  github.com/jtolds/gls.(*ContextManager).SetValues.func1(0x0)
  	/Users/theapemachine/go/pkg/mod/github.com/jtolds/gls@v4.20.0+incompatible/context.go:97 +0x3a4
  github.com/jtolds/gls.EnsureGoroutineId.func1()
  	/Users/theapemachine/go/pkg/mod/github.com/jtolds/gls@v4.20.0+incompatible/gid.go:24 +0x24
  github.com/jtolds/gls._m(0x102a35401?, 0x43931e898d80?)
  	/Users/theapemachine/go/pkg/mod/github.com/jtolds/gls@v4.20.0+incompatible/stack_tags.go:108 +0x28
  github.com/jtolds/gls.github_com_jtolds_gls_markS(0x30?, 0x1029642a0?)
  	/Users/theapemachine/go/pkg/mod/github.com/jtolds/gls@v4.20.0+incompatible/stack_tags.go:56 +0x1c
  github.com/jtolds/gls.addStackTag(...)
  	/Users/theapemachine/go/pkg/mod/github.com/jtolds/gls@v4.20.0+incompatible/stack_tags.go:49
  github.com/jtolds/gls.EnsureGoroutineId(0x43931ebfae70)
  	/Users/theapemachine/go/pkg/mod/github.com/jtolds/gls@v4.20.0+incompatible/gid.go:24 +0xb8
  github.com/jtolds/gls.(*ContextManager).SetValues(0x43931e9165f0, 0x43931ebfae10, 0x43931eab8ba0)
  	/Users/theapemachine/go/pkg/mod/github.com/jtolds/gls@v4.20.0+incompatible/context.go:63 +0x138
  	/Users/theapemachine/go/pkg/mod/github.com/smartystreets/goconvey@v1.8.1/convey/context.go:107 +0x254
  	/Users/theapemachine/go/pkg/mod/github.com/smartystreets/goconvey@v1.8.1/convey/doc.go:76 +0x88
  github.com/theapemachine/symm/strategy.TestConformanceStartupSkipsUnpricedSymbols(0x43931ed7e908)
  	/Users/theapemachine/go/src/github.com/theapemachine/symm/strategy/conformance_test.go:780 +0x94
  testing.tRunner(0x43931ed7e908, 0x1029a2348)
  	/usr/local/go/src/testing/testing.go:2036 +0xc4
  created by testing.(*T).Run in goroutine 1
  	/usr/local/go/src/testing/testing.go:2101 +0x3a8
  
  goroutine 1 [chan receive]:
  testing.(*T).Run(0x43931e9fcb48, {0x10256b0b1?, 0x43931eb1fb18?}, 0x1029a2348)
  	/usr/local/go/src/testing/testing.go:2109 +0x3bc
  testing.runTests.func1(0x43931e9fcb48)
  	/usr/local/go/src/testing/testing.go:2585 +0x38
  testing.tRunner(0x43931e9fcb48, 0x43931eb1fc48)
  	/usr/local/go/src/testing/testing.go:2036 +0xc4
  testing.runTests({0x102563875, 0x1d}, {0x102569508, 0x26}, 0x43931e9322a0, {0x102a28740, 0x11, 0x11}, {0x80806717797b0374?, 0x10255a5f6?, ...})
  	/usr/local/go/src/testing/testing.go:2583 +0x3f0
  testing.(*M).Run(0x43931eac86e0)
  	/usr/local/go/src/testing/testing.go:2443 +0x578
  main.main()
  	_testmain.go:78 +0x80
  
  goroutine 69 [chan receive]:
  github.com/theapemachine/symm/nomagique/runtime.(*poolShard[...]).workerLoop(0x1029adc20)
  	/Users/theapemachine/go/src/github.com/theapemachine/symm/nomagique/runtime/pool.go:455 +0x1a4
  created by github.com/theapemachine/symm/nomagique/runtime.(*poolShard[...]).spawnWorker in goroutine 68
  	/Users/theapemachine/go/src/github.com/theapemachine/symm/nomagique/runtime/pool.go:421 +0xdc
  
  goroutine 70 [chan receive]:
  github.com/theapemachine/symm/nomagique/runtime.(*poolShard[...]).workerLoop(0x1029adc20)
  	/Users/theapemachine/go/src/github.com/theapemachine/symm/nomagique/runtime/pool.go:455 +0x1a4
  created by github.com/theapemachine/symm/nomagique/runtime.(*poolShard[...]).spawnWorker in goroutine 68
  	/Users/theapemachine/go/src/github.com/theapemachine/symm/nomagique/runtime/pool.go:421 +0xdc
  
  goroutine 71 [chan receive]:
  github.com/theapemachine/symm/nomagique/runtime.(*poolShard[...]).workerLoop(0x1029adc20)
  	/Users/theapemachine/go/src/github.com/theapemachine/symm/nomagique/runtime/pool.go:455 +0x1a4
  created by github.com/theapemachine/symm/nomagique/runtime.(*poolShard[...]).spawnWorker in goroutine 68
  	/Users/theapemachine/go/src/github.com/theapemachine/symm/nomagique/runtime/pool.go:421 +0xdc
  
  goroutine 72 [chan receive]:
  github.com/theapemachine/symm/nomagique/runtime.(*poolShard[...]).workerLoop(0x1029adc20)
  	/Users/theapemachine/go/src/github.com/theapemachine/symm/nomagique/runtime/pool.go:455 +0x1a4
  created by github.com/theapemachine/symm/nomagique/runtime.(*poolShard[...]).spawnWorker in goroutine 68
  	/Users/theapemachine/go/src/github.com/theapemachine/symm/nomagique/runtime/pool.go:421 +0xdc
  
  goroutine 73 [chan receive]:
  github.com/theapemachine/symm/nomagique/runtime.(*poolShard[...]).workerLoop(0x1029adc20)
  	/Users/theapemachine/go/src/github.com/theapemachine/symm/nomagique/runtime/pool.go:455 +0x1a4
  created by github.com/theapemachine/symm/nomagique/runtime.(*poolShard[...]).spawnWorker in goroutine 68
  	/Users/theapemachine/go/src/github.com/theapemachine/symm/nomagique/runtime/pool.go:421 +0xdc
  
  goroutine 74 [chan receive]:
  github.com/theapemachine/symm/nomagique/runtime.(*poolShard[...]).workerLoop(0x1029adc20)
  	/Users/theapemachine/go/src/github.com/theapemachine/symm/nomagique/runtime/pool.go:455 +0x1a4
  created by github.com/theapemachine/symm/nomagique/runtime.(*poolShard[...]).spawnWorker in goroutine 68
  	/Users/theapemachine/go/src/github.com/theapemachine/symm/nomagique/runtime/pool.go:421 +0xdc
  
  goroutine 75 [chan receive]:
  github.com/theapemachine/symm/nomagique/runtime.(*poolShard[...]).workerLoop(0x1029adc20)
  	/Users/theapemachine/go/src/github.com/theapemachine/symm/nomagique/runtime/pool.go:455 +0x1a4
  created by github.com/theapemachine/symm/nomagique/runtime.(*poolShard[...]).spawnWorker in goroutine 68
  	/Users/theapemachine/go/src/github.com/theapemachine/symm/nomagique/runtime/pool.go:421 +0xdc
  
  goroutine 76 [chan receive]:
  github.com/theapemachine/symm/nomagique/runtime.(*poolShard[...]).workerLoop(0x1029adc20)
  	/Users/theapemachine/go/src/github.com/theapemachine/symm/nomagique/runtime/pool.go:455 +0x1a4
  created by github.com/theapemachine/symm/nomagique/runtime.(*poolShard[...]).spawnWorker in goroutine 68
  	/Users/theapemachine/go/src/github.com/theapemachine/symm/nomagique/runtime/pool.go:421 +0xdc
  
  goroutine 77 [chan receive]:
  github.com/theapemachine/symm/nomagique/runtime.(*poolShard[...]).workerLoop(0x1029adc20)
  	/Users/theapemachine/go/src/github.com/theapemachine/symm/nomagique/runtime/pool.go:455 +0x1a4
  created by github.com/theapemachine/symm/nomagique/runtime.(*poolShard[...]).spawnWorker in goroutine 68
  	/Users/theapemachine/go/src/github.com/theapemachine/symm/nomagique/runtime/pool.go:421 +0xdc
  
  goroutine 78 [chan receive]:
  github.com/theapemachine/symm/nomagique/runtime.(*poolShard[...]).workerLoop(0x1029adc20)
  	/Users/theapemachine/go/src/github.com/theapemachine/symm/nomagique/runtime/pool.go:455 +0x1a4
  created by github.com/theapemachine/symm/nomagique/runtime.(*poolShard[...]).spawnWorker in goroutine 68
  	/Users/theapemachine/go/src/github.com/theapemachine/symm/nomagique/runtime/pool.go:421 +0xdc
  
  goroutine 79 [chan receive]:
  github.com/theapemachine/symm/nomagique/runtime.(*poolShard[...]).workerLoop(0x1029adc20)
  	/Users/theapemachine/go/src/github.com/theapemachine/symm/nomagique/runtime/pool.go:455 +0x1a4
  created by github.com/theapemachine/symm/nomagique/runtime.(*poolShard[...]).spawnWorker in goroutine 68
  	/Users/theapemachine/go/src/github.com/theapemachine/symm/nomagique/runtime/pool.go:421 +0xdc
  
  goroutine 80 [chan receive]:
  github.com/theapemachine/symm/nomagique/runtime.(*poolShard[...]).workerLoop(0x1029adc20)
  	/Users/theapemachine/go/src/github.com/theapemachine/symm/nomagique/runtime/pool.go:455 +0x1a4
  created by github.com/theapemachine/symm/nomagique/runtime.(*poolShard[...]).spawnWorker in goroutine 68
  	/Users/theapemachine/go/src/github.com/theapemachine/symm/nomagique/runtime/pool.go:421 +0xdc
  
  goroutine 81 [chan receive]:
  github.com/theapemachine/symm/nomagique/runtime.(*poolShard[...]).workerLoop(0x1029adc20)
  	/Users/theapemachine/go/src/github.com/theapemachine/symm/nomagique/runtime/pool.go:455 +0x1a4
  created by github.com/theapemachine/symm/nomagique/runtime.(*poolShard[...]).spawnWorker in goroutine 68
  	/Users/theapemachine/go/src/github.com/theapemachine/symm/nomagique/runtime/pool.go:421 +0xdc
  
  goroutine 130 [chan receive]:
  github.com/theapemachine/symm/nomagique/runtime.(*poolShard[...]).workerLoop(0x1029adc20)
  	/Users/theapemachine/go/src/github.com/theapemachine/symm/nomagique/runtime/pool.go:455 +0x1a4
  created by github.com/theapemachine/symm/nomagique/runtime.(*poolShard[...]).spawnWorker in goroutine 68
  	/Users/theapemachine/go/src/github.com/theapemachine/symm/nomagique/runtime/pool.go:421 +0xdc
  
  goroutine 131 [chan receive]:
  github.com/theapemachine/symm/nomagique/runtime.(*poolShard[...]).workerLoop(0x1029adc20)
  	/Users/theapemachine/go/src/github.com/theapemachine/symm/nomagique/runtime/pool.go:455 +0x1a4
  created by github.com/theapemachine/symm/nomagique/runtime.(*poolShard[...]).spawnWorker in goroutine 68
  	/Users/theapemachine/go/src/github.com/theapemachine/symm/nomagique/runtime/pool.go:421 +0xdc
  
  goroutine 132 [chan receive]:
  github.com/theapemachine/symm/nomagique/runtime.(*poolShard[...]).workerLoop(0x1029adc20)
  	/Users/theapemachine/go/src/github.com/theapemachine/symm/nomagique/runtime/pool.go:455 +0x1a4
  created by github.com/theapemachine/symm/nomagique/runtime.(*poolShard[...]).spawnWorker in goroutine 68
  	/Users/theapemachine/go/src/github.com/theapemachine/symm/nomagique/runtime/pool.go:421 +0xdc
  
  goroutine 45 [chan receive]:
  github.com/theapemachine/symm/nomagique/runtime.(*poolShard[...]).workerLoop(0x1029adc20)
  	/Users/theapemachine/go/src/github.com/theapemachine/symm/nomagique/runtime/pool.go:455 +0x1a4
  created by github.com/theapemachine/symm/nomagique/runtime.(*poolShard[...]).spawnWorker in goroutine 68
  	/Users/theapemachine/go/src/github.com/theapemachine/symm/nomagique/runtime/pool.go:421 +0xdc
  
  goroutine 46 [chan receive]:
  github.com/theapemachine/symm/nomagique/runtime.(*poolShard[...]).workerLoop(0x1029adc20)
  	/Users/theapemachine/go/src/github.com/theapemachine/symm/nomagique/runtime/pool.go:455 +0x1a4
  created by github.com/theapemachine/symm/nomagique/runtime.(*poolShard[...]).spawnWorker in goroutine 68
  	/Users/theapemachine/go/src/github.com/theapemachine/symm/nomagique/runtime/pool.go:421 +0xdc
  
  goroutine 47 [chan receive]:
  github.com/theapemachine/symm/nomagique/runtime.(*poolShard[...]).workerLoop(0x1029adc20)
  	/Users/theapemachine/go/src/github.com/theapemachine/symm/nomagique/runtime/pool.go:455 +0x1a4
  created by github.com/theapemachine/symm/nomagique/runtime.(*poolShard[...]).spawnWorker in goroutine 68
  	/Users/theapemachine/go/src/github.com/theapemachine/symm/nomagique/runtime/pool.go:421 +0xdc
  
  goroutine 48 [chan receive]:
  github.com/theapemachine/symm/nomagique/runtime.(*poolShard[...]).workerLoop(0x1029adc20)
  	/Users/theapemachine/go/src/github.com/theapemachine/symm/nomagique/runtime/pool.go:455 +0x1a4
  created by github.com/theapemachine/symm/nomagique/runtime.(*poolShard[...]).spawnWorker in goroutine 68
  	/Users/theapemachine/go/src/github.com/theapemachine/symm/nomagique/runtime/pool.go:421 +0xdc
  
  goroutine 133 [chan receive]:
  github.com/theapemachine/symm/nomagique/runtime.(*poolShard[...]).workerLoop(0x1029adc20)
  	/Users/theapemachine/go/src/github.com/theapemachine/symm/nomagique/runtime/pool.go:455 +0x1a4
  created by github.com/theapemachine/symm/nomagique/runtime.(*poolShard[...]).spawnWorker in goroutine 68
  	/Users/theapemachine/go/src/github.com/theapemachine/symm/nomagique/runtime/pool.go:421 +0xdc
  
  goroutine 134 [chan receive]:
  github.com/theapemachine/symm/nomagique/runtime.(*poolShard[...]).workerLoop(0x1029adc20)
  	/Users/theapemachine/go/src/github.com/theapemachine/symm/nomagique/runtime/pool.go:455 +0x1a4
  created by github.com/theapemachine/symm/nomagique/runtime.(*poolShard[...]).spawnWorker in goroutine 68
  	/Users/theapemachine/go/src/github.com/theapemachine/symm/nomagique/runtime/pool.go:421 +0xdc
  
  goroutine 135 [chan receive]:
  github.com/theapemachine/symm/nomagique/runtime.(*poolShard[...]).workerLoop(0x1029adc20)
  	/Users/theapemachine/go/src/github.com/theapemachine/symm/nomagique/runtime/pool.go:455 +0x1a4
  created by github.com/theapemachine/symm/nomagique/runtime.(*poolShard[...]).spawnWorker in goroutine 68
  	/Users/theapemachine/go/src/github.com/theapemachine/symm/nomagique/runtime/pool.go:421 +0xdc
  
  goroutine 136 [chan receive]:
  github.com/theapemachine/symm/nomagique/runtime.(*poolShard[...]).workerLoop(0x1029adc20)
  	/Users/theapemachine/go/src/github.com/theapemachine/symm/nomagique/runtime/pool.go:455 +0x1a4
  created by github.com/theapemachine/symm/nomagique/runtime.(*poolShard[...]).spawnWorker in goroutine 68
  	/Users/theapemachine/go/src/github.com/theapemachine/symm/nomagique/runtime/pool.go:421 +0xdc
  
  goroutine 137 [chan receive]:
  github.com/theapemachine/symm/nomagique/runtime.(*poolShard[...]).workerLoop(0x1029adc20)
  	/Users/theapemachine/go/src/github.com/theapemachine/symm/nomagique/runtime/pool.go:455 +0x1a4
  created by github.com/theapemachine/symm/nomagique/runtime.(*poolShard[...]).spawnWorker in goroutine 68
  	/Users/theapemachine/go/src/github.com/theapemachine/symm/nomagique/runtime/pool.go:421 +0xdc
  
  goroutine 138 [chan receive]:
  github.com/theapemachine/symm/nomagique/runtime.(*poolShard[...]).workerLoop(0x1029adc20)
  	/Users/theapemachine/go/src/github.com/theapemachine/symm/nomagique/runtime/pool.go:455 +0x1a4
  created by github.com/theapemachine/symm/nomagique/runtime.(*poolShard[...]).spawnWorker in goroutine 68
  	/Users/theapemachine/go/src/github.com/theapemachine/symm/nomagique/runtime/pool.go:421 +0xdc
  
  goroutine 139 [chan receive]:
  github.com/theapemachine/symm/nomagique/runtime.(*poolShard[...]).workerLoop(0x1029adc20)
  	/Users/theapemachine/go/src/github.com/theapemachine/symm/nomagique/runtime/pool.go:455 +0x1a4
  created by github.com/theapemachine/symm/nomagique/runtime.(*poolShard[...]).spawnWorker in goroutine 68
  	/Users/theapemachine/go/src/github.com/theapemachine/symm/nomagique/runtime/pool.go:421 +0xdc
  
  goroutine 140 [chan receive]:
  github.com/theapemachine/symm/nomagique/runtime.(*poolShard[...]).workerLoop(0x1029adc20)
  	/Users/theapemachine/go/src/github.com/theapemachine/symm/nomagique/runtime/pool.go:455 +0x1a4
  created by github.com/theapemachine/symm/nomagique/runtime.(*poolShard[...]).spawnWorker in goroutine 68
  	/Users/theapemachine/go/src/github.com/theapemachine/symm/nomagique/runtime/pool.go:421 +0xdc
  
  goroutine 141 [chan receive]:
  github.com/theapemachine/symm/nomagique/runtime.(*poolShard[...]).workerLoop(0x1029adc20)
  	/Users/theapemachine/go/src/github.com/theapemachine/symm/nomagique/runtime/pool.go:455 +0x1a4
  created by github.com/theapemachine/symm/nomagique/runtime.(*poolShard[...]).spawnWorker in goroutine 68
  	/Users/theapemachine/go/src/github.com/theapemachine/symm/nomagique/runtime/pool.go:421 +0xdc
  
  goroutine 142 [chan receive]:
  github.com/theapemachine/symm/nomagique/runtime.(*poolShard[...]).workerLoop(0x1029adc20)
  	/Users/theapemachine/go/src/github.com/theapemachine/symm/nomagique/runtime/pool.go:455 +0x1a4
  created by github.com/theapemachine/symm/nomagique/runtime.(*poolShard[...]).spawnWorker in goroutine 68
  	/Users/theapemachine/go/src/github.com/theapemachine/symm/nomagique/runtime/pool.go:421 +0xdc
  
  goroutine 143 [chan receive]:
  github.com/theapemachine/symm/nomagique/runtime.(*poolShard[...]).workerLoop(0x1029adc20)
  	/Users/theapemachine/go/src/github.com/theapemachine/symm/nomagique/runtime/pool.go:455 +0x1a4
  created by github.com/theapemachine/symm/nomagique/runtime.(*poolShard[...]).spawnWorker in goroutine 68
  	/Users/theapemachine/go/src/github.com/theapemachine/symm/nomagique/runtime/pool.go:421 +0xdc
  
  goroutine 144 [chan receive]:
  github.com/theapemachine/symm/nomagique/runtime.(*poolShard[...]).workerLoop(0x1029adc20)
  	/Users/theapemachine/go/src/github.com/theapemachine/symm/nomagique/runtime/pool.go:455 +0x1a4
  created by github.com/theapemachine/symm/nomagique/runtime.(*poolShard[...]).spawnWorker in goroutine 68
  	/Users/theapemachine/go/src/github.com/theapemachine/symm/nomagique/runtime/pool.go:421 +0xdc
  
  goroutine 145 [chan receive]:
  github.com/theapemachine/symm/nomagique/runtime.(*poolShard[...]).workerLoop(0x1029adc20)
  	/Users/theapemachine/go/src/github.com/theapemachine/symm/nomagique/runtime/pool.go:455 +0x1a4
  created by github.com/theapemachine/symm/nomagique/runtime.(*poolShard[...]).spawnWorker in goroutine 68
  	/Users/theapemachine/go/src/github.com/theapemachine/symm/nomagique/runtime/pool.go:421 +0xdc
  
  goroutine 146 [chan receive]:
  github.com/theapemachine/symm/nomagique/runtime.(*poolShard[...]).workerLoop(0x1029adc20)
  	/Users/theapemachine/go/src/github.com/theapemachine/symm/nomagique/runtime/pool.go:455 +0x1a4
  created by github.com/theapemachine/symm/nomagique/runtime.(*poolShard[...]).spawnWorker in goroutine 68
  	/Users/theapemachine/go/src/github.com/theapemachine/symm/nomagique/runtime/pool.go:421 +0xdc
  
  goroutine 147 [chan receive]:
  github.com/theapemachine/symm/nomagique/runtime.(*poolShard[...]).workerLoop(0x1029adc20)
  	/Users/theapemachine/go/src/github.com/theapemachine/symm/nomagique/runtime/pool.go:455 +0x1a4
  created by github.com/theapemachine/symm/nomagique/runtime.(*poolShard[...]).spawnWorker in goroutine 68
  	/Users/theapemachine/go/src/github.com/theapemachine/symm/nomagique/runtime/pool.go:421 +0xdc
  
  goroutine 148 [chan receive]:
  github.com/theapemachine/symm/nomagique/runtime.(*poolShard[...]).workerLoop(0x1029adc20)
  	/Users/theapemachine/go/src/github.com/theapemachine/symm/nomagique/runtime/pool.go:455 +0x1a4
  created by github.com/theapemachine/symm/nomagique/runtime.(*poolShard[...]).spawnWorker in goroutine 68
  	/Users/theapemachine/go/src/github.com/theapemachine/symm/nomagique/runtime/pool.go:421 +0xdc
  
  goroutine 149 [chan receive]:
  github.com/theapemachine/symm/nomagique/runtime.(*poolShard[...]).workerLoop(0x1029adc20)
  	/Users/theapemachine/go/src/github.com/theapemachine/symm/nomagique/runtime/pool.go:455 +0x1a4
  created by github.com/theapemachine/symm/nomagique/runtime.(*poolShard[...]).spawnWorker in goroutine 68
  	/Users/theapemachine/go/src/github.com/theapemachine/symm/nomagique/runtime/pool.go:421 +0xdc
  
  goroutine 150 [chan receive]:
  github.com/theapemachine/symm/nomagique/runtime.(*poolShard[...]).workerLoop(0x1029adc20)
  	/Users/theapemachine/go/src/github.com/theapemachine/symm/nomagique/runtime/pool.go:455 +0x1a4
  created by github.com/theapemachine/symm/nomagique/runtime.(*poolShard[...]).spawnWorker in goroutine 68
  	/Users/theapemachine/go/src/github.com/theapemachine/symm/nomagique/runtime/pool.go:421 +0xdc
  
  goroutine 151 [chan receive]:
  github.com/theapemachine/symm/nomagique/runtime.(*poolShard[...]).workerLoop(0x1029adc20)
  	/Users/theapemachine/go/src/github.com/theapemachine/symm/nomagique/runtime/pool.go:455 +0x1a4
  created by github.com/theapemachine/symm/nomagique/runtime.(*poolShard[...]).spawnWorker in goroutine 68
  	/Users/theapemachine/go/src/github.com/theapemachine/symm/nomagique/runtime/pool.go:421 +0xdc
  
  goroutine 152 [chan receive]:
  github.com/theapemachine/symm/nomagique/runtime.(*poolShard[...]).workerLoop(0x1029adc20)
  	/Users/theapemachine/go/src/github.com/theapemachine/symm/nomagique/runtime/pool.go:455 +0x1a4
  created by github.com/theapemachine/symm/nomagique/runtime.(*poolShard[...]).spawnWorker in goroutine 68
  	/Users/theapemachine/go/src/github.com/theapemachine/symm/nomagique/runtime/pool.go:421 +0xdc
  
  goroutine 153 [chan receive]:
  github.com/theapemachine/symm/nomagique/runtime.(*poolShard[...]).workerLoop(0x1029adc20)
  	/Users/theapemachine/go/src/github.com/theapemachine/symm/nomagique/runtime/pool.go:455 +0x1a4
  created by github.com/theapemachine/symm/nomagique/runtime.(*poolShard[...]).spawnWorker in goroutine 68
  	/Users/theapemachine/go/src/github.com/theapemachine/symm/nomagique/runtime/pool.go:421 +0xdc
  
  goroutine 154 [chan receive]:
  github.com/theapemachine/symm/nomagique/runtime.(*poolShard[...]).workerLoop(0x1029adc20)
  	/Users/theapemachine/go/src/github.com/theapemachine/symm/nomagique/runtime/pool.go:455 +0x1a4
  created by github.com/theapemachine/symm/nomagique/runtime.(*poolShard[...]).spawnWorker in goroutine 68
  	/Users/theapemachine/go/src/github.com/theapemachine/symm/nomagique/runtime/pool.go:421 +0xdc
  
  goroutine 155 [chan receive]:
  github.com/theapemachine/symm/nomagique/runtime.(*poolShard[...]).workerLoop(0x1029adc20)
  	/Users/theapemachine/go/src/github.com/theapemachine/symm/nomagique/runtime/pool.go:455 +0x1a4
  created by github.com/theapemachine/symm/nomagique/runtime.(*poolShard[...]).spawnWorker in goroutine 68
  	/Users/theapemachine/go/src/github.com/theapemachine/symm/nomagique/runtime/pool.go:421 +0xdc
  
  goroutine 156 [chan receive]:
  github.com/theapemachine/symm/nomagique/runtime.(*poolShard[...]).workerLoop(0x1029adc20)
  	/Users/theapemachine/go/src/github.com/theapemachine/symm/nomagique/runtime/pool.go:455 +0x1a4
  created by github.com/theapemachine/symm/nomagique/runtime.(*poolShard[...]).spawnWorker in goroutine 68
  	/Users/theapemachine/go/src/github.com/theapemachine/symm/nomagique/runtime/pool.go:421 +0xdc
  
  goroutine 157 [chan receive]:
  github.com/theapemachine/symm/nomagique/runtime.(*poolShard[...]).workerLoop(0x1029adc20)
  	/Users/theapemachine/go/src/github.com/theapemachine/symm/nomagique/runtime/pool.go:455 +0x1a4
  created by github.com/theapemachine/symm/nomagique/runtime.(*poolShard[...]).spawnWorker in goroutine 68
  	/Users/theapemachine/go/src/github.com/theapemachine/symm/nomagique/runtime/pool.go:421 +0xdc
  
  goroutine 158 [chan receive]:
  github.com/theapemachine/symm/nomagique/runtime.(*poolShard[...]).workerLoop(0x1029adc20)
  	/Users/theapemachine/go/src/github.com/theapemachine/symm/nomagique/runtime/pool.go:455 +0x1a4
  created by github.com/theapemachine/symm/nomagique/runtime.(*poolShard[...]).spawnWorker in goroutine 68
  	/Users/theapemachine/go/src/github.com/theapemachine/symm/nomagique/runtime/pool.go:421 +0xdc
  
  goroutine 159 [chan receive]:
  github.com/theapemachine/symm/nomagique/runtime.(*poolShard[...]).workerLoop(0x1029adc20)
  	/Users/theapemachine/go/src/github.com/theapemachine/symm/nomagique/runtime/pool.go:455 +0x1a4
  created by github.com/theapemachine/symm/nomagique/runtime.(*poolShard[...]).spawnWorker in goroutine 68
  	/Users/theapemachine/go/src/github.com/theapemachine/symm/nomagique/runtime/pool.go:421 +0xdc
  
  goroutine 160 [chan receive]:
  github.com/theapemachine/symm/nomagique/runtime.(*poolShard[...]).workerLoop(0x1029adc20)
  	/Users/theapemachine/go/src/github.com/theapemachine/symm/nomagique/runtime/pool.go:455 +0x1a4
  created by github.com/theapemachine/symm/nomagique/runtime.(*poolShard[...]).spawnWorker in goroutine 68
  	/Users/theapemachine/go/src/github.com/theapemachine/symm/nomagique/runtime/pool.go:421 +0xdc
  
  goroutine 161 [chan receive]:
  github.com/theapemachine/symm/nomagique/runtime.(*poolShard[...]).workerLoop(0x1029adc20)
  	/Users/theapemachine/go/src/github.com/theapemachine/symm/nomagique/runtime/pool.go:455 +0x1a4
  created by github.com/theapemachine/symm/nomagique/runtime.(*poolShard[...]).spawnWorker in goroutine 68
  	/Users/theapemachine/go/src/github.com/theapemachine/symm/nomagique/runtime/pool.go:421 +0xdc
  
  goroutine 162 [chan receive]:
  github.com/theapemachine/symm/nomagique/runtime.(*poolShard[...]).workerLoop(0x1029adc20)
  	/Users/theapemachine/go/src/github.com/theapemachine/symm/nomagique/runtime/pool.go:455 +0x1a4
  created by github.com/theapemachine/symm/nomagique/runtime.(*poolShard[...]).spawnWorker in goroutine 68
  	/Users/theapemachine/go/src/github.com/theapemachine/symm/nomagique/runtime/pool.go:421 +0xdc
  
  goroutine 163 [chan receive]:
  github.com/theapemachine/symm/nomagique/runtime.(*poolShard[...]).workerLoop(0x1029adc20)
  	/Users/theapemachine/go/src/github.com/theapemachine/symm/nomagique/runtime/pool.go:455 +0x1a4
  created by github.com/theapemachine/symm/nomagique/runtime.(*poolShard[...]).spawnWorker in goroutine 68
  	/Users/theapemachine/go/src/github.com/theapemachine/symm/nomagique/runtime/pool.go:421 +0xdc
  
  goroutine 164 [chan receive]:
  github.com/theapemachine/symm/nomagique/runtime.(*poolShard[...]).workerLoop(0x1029adc20)
  	/Users/theapemachine/go/src/github.com/theapemachine/symm/nomagique/runtime/pool.go:455 +0x1a4
  created by github.com/theapemachine/symm/nomagique/runtime.(*poolShard[...]).spawnWorker in goroutine 68
  	/Users/theapemachine/go/src/github.com/theapemachine/symm/nomagique/runtime/pool.go:421 +0xdc
  
  goroutine 165 [chan receive]:
  github.com/theapemachine/symm/nomagique/runtime.(*poolShard[...]).workerLoop(0x1029adc20)
  	/Users/theapemachine/go/src/github.com/theapemachine/symm/nomagique/runtime/pool.go:455 +0x1a4
  created by github.com/theapemachine/symm/nomagique/runtime.(*poolShard[...]).spawnWorker in goroutine 68
  	/Users/theapemachine/go/src/github.com/theapemachine/symm/nomagique/runtime/pool.go:421 +0xdc
  
  goroutine 166 [chan receive]:
  github.com/theapemachine/symm/nomagique/runtime.(*poolShard[...]).workerLoop(0x1029adc20)
  	/Users/theapemachine/go/src/github.com/theapemachine/symm/nomagique/runtime/pool.go:455 +0x1a4
  created by github.com/theapemachine/symm/nomagique/runtime.(*poolShard[...]).spawnWorker in goroutine 68
  	/Users/theapemachine/go/src/github.com/theapemachine/symm/nomagique/runtime/pool.go:421 +0xdc
  
  goroutine 167 [chan receive]:
  github.com/theapemachine/symm/nomagique/runtime.(*poolShard[...]).workerLoop(0x1029adc20)
  	/Users/theapemachine/go/src/github.com/theapemachine/symm/nomagique/runtime/pool.go:455 +0x1a4
  created by github.com/theapemachine/symm/nomagique/runtime.(*poolShard[...]).spawnWorker in goroutine 68
  	/Users/theapemachine/go/src/github.com/theapemachine/symm/nomagique/runtime/pool.go:421 +0xdc
  
  goroutine 168 [chan receive]:
  github.com/theapemachine/symm/nomagique/runtime.(*poolShard[...]).workerLoop(0x1029adc20)
  	/Users/theapemachine/go/src/github.com/theapemachine/symm/nomagique/runtime/pool.go:455 +0x1a4
  created by github.com/theapemachine/symm/nomagique/runtime.(*poolShard[...]).spawnWorker in goroutine 68
  	/Users/theapemachine/go/src/github.com/theapemachine/symm/nomagique/runtime/pool.go:421 +0xdc
  
  goroutine 169 [chan receive]:
  github.com/theapemachine/symm/nomagique/runtime.(*poolShard[...]).workerLoop(0x1029adc20)
  	/Users/theapemachine/go/src/github.com/theapemachine/symm/nomagique/runtime/pool.go:455 +0x1a4
  created by github.com/theapemachine/symm/nomagique/runtime.(*poolShard[...]).spawnWorker in goroutine 68
  	/Users/theapemachine/go/src/github.com/theapemachine/symm/nomagique/runtime/pool.go:421 +0xdc
  
  goroutine 170 [chan receive]:
  github.com/theapemachine/symm/nomagique/runtime.(*poolShard[...]).workerLoop(0x1029adc20)
  	/Users/theapemachine/go/src/github.com/theapemachine/symm/nomagique/runtime/pool.go:455 +0x1a4
  created by github.com/theapemachine/symm/nomagique/runtime.(*poolShard[...]).spawnWorker in goroutine 68
  	/Users/theapemachine/go/src/github.com/theapemachine/symm/nomagique/runtime/pool.go:421 +0xdc
  
  goroutine 171 [chan receive]:
  github.com/theapemachine/symm/nomagique/runtime.(*poolShard[...]).workerLoop(0x1029adc20)
  	/Users/theapemachine/go/src/github.com/theapemachine/symm/nomagique/runtime/pool.go:455 +0x1a4
  created by github.com/theapemachine/symm/nomagique/runtime.(*poolShard[...]).spawnWorker in goroutine 68
  	/Users/theapemachine/go/src/github.com/theapemachine/symm/nomagique/runtime/pool.go:421 +0xdc
  
  goroutine 172 [chan receive]:
  github.com/theapemachine/symm/nomagique/runtime.(*poolShard[...]).workerLoop(0x1029adc20)
  	/Users/theapemachine/go/src/github.com/theapemachine/symm/nomagique/runtime/pool.go:455 +0x1a4
  created by github.com/theapemachine/symm/nomagique/runtime.(*poolShard[...]).spawnWorker in goroutine 68
  	/Users/theapemachine/go/src/github.com/theapemachine/symm/nomagique/runtime/pool.go:421 +0xdc
  
  goroutine 173 [chan receive]:
  github.com/theapemachine/symm/nomagique/runtime.(*poolShard[...]).workerLoop(0x1029adc20)
  	/Users/theapemachine/go/src/github.com/theapemachine/symm/nomagique/runtime/pool.go:455 +0x1a4
  created by github.com/theapemachine/symm/nomagique/runtime.(*poolShard[...]).spawnWorker in goroutine 68
  	/Users/theapemachine/go/src/github.com/theapemachine/symm/nomagique/runtime/pool.go:421 +0xdc
  
  goroutine 174 [chan receive]:
  github.com/theapemachine/symm/nomagique/runtime.(*poolShard[...]).workerLoop(0x1029adc20)
  	/Users/theapemachine/go/src/github.com/theapemachine/symm/nomagique/runtime/pool.go:455 +0x1a4
  created by github.com/theapemachine/symm/nomagique/runtime.(*poolShard[...]).spawnWorker in goroutine 68
  	/Users/theapemachine/go/src/github.com/theapemachine/symm/nomagique/runtime/pool.go:421 +0xdc
  
  goroutine 175 [chan receive]:
  github.com/theapemachine/symm/nomagique/runtime.(*poolShard[...]).workerLoop(0x1029adc20)
  	/Users/theapemachine/go/src/github.com/theapemachine/symm/nomagique/runtime/pool.go:455 +0x1a4
  created by github.com/theapemachine/symm/nomagique/runtime.(*poolShard[...]).spawnWorker in goroutine 68
  	/Users/theapemachine/go/src/github.com/theapemachine/symm/nomagique/runtime/pool.go:421 +0xdc
  
  goroutine 176 [chan receive]:
  github.com/theapemachine/symm/nomagique/runtime.(*poolShard[...]).workerLoop(0x1029adc20)
  	/Users/theapemachine/go/src/github.com/theapemachine/symm/nomagique/runtime/pool.go:455 +0x1a4
  created by github.com/theapemachine/symm/nomagique/runtime.(*poolShard[...]).spawnWorker in goroutine 68
  	/Users/theapemachine/go/src/github.com/theapemachine/symm/nomagique/runtime/pool.go:421 +0xdc
  


133 total assertions

--- FAIL: TestConformanceStartupSkipsUnpricedSymbols (0.00s)
...
136 total assertions

FAIL
FAIL	github.com/theapemachine/symm/strategy	1.177s
FAIL
